[INFO] Scanning for projects...
[INFO] 
[INFO] ------------< org.example:bug_busters_Test_suites_Group33 >-------------
[INFO] Building bug_busters_Test_suites_Group33 1.0-SNAPSHOT
[INFO]   from pom.xml
[INFO] --------------------------------[ jar ]---------------------------------
[INFO] 
[INFO] --- resources:3.3.1:resources (default-resources) @ bug_busters_Test_suites_Group33 ---
[INFO] skip non existing resourceDirectory D:\QA yasith\bug_busters_Test_suites\src\main\resources
[INFO] 
[INFO] --- compiler:3.13.0:compile (default-compile) @ bug_busters_Test_suites_Group33 ---
[INFO] Nothing to compile - all classes are up to date.
[INFO] 
[INFO] --- resources:3.3.1:testResources (default-testResources) @ bug_busters_Test_suites_Group33 ---
[INFO] Copying 5 resources from src\test\resources to target\test-classes
[INFO] 
[INFO] --- compiler:3.13.0:testCompile (default-testCompile) @ bug_busters_Test_suites_Group33 ---
[INFO] Nothing to compile - all classes are up to date.
[INFO] 
[INFO] --- surefire:3.2.5:test (default-test) @ bug_busters_Test_suites_Group33 ---
[INFO] Using auto detected provider org.apache.maven.surefire.testng.TestNGProvider
[INFO] 
[INFO] -------------------------------------------------------
[INFO]  T E S T S
[INFO] -------------------------------------------------------
[INFO] Running runners.TestRunner
mvn : SLF4J(W): No SLF4J providers were found.
At line:1 char:1
+ mvn test -Dtest=TestRunner "-Dcucumber.filter.tags=@TC-ADMIN-UI-PLANT ...
+ ~~~~~~~~~~~~~~~~~~~~~~~~~~~~~~~~~~~~~~~~~~~~~~~~~~~~~~~~~~~~~~~~~~~~~
    + CategoryInfo          : NotSpecified: (SLF4J(W): No SLF4J providers were found.:String) [], RemoteException
    + FullyQualifiedErrorId : NativeCommandError
 
SLF4J(W): Defaulting to no-operation (NOP) logger implementation
SLF4J(W): See https://www.slf4j.org/codes.html#noProviders for further details.

@Admin @UI @TC-ADMIN-UI-PLANT-005
Scenario: Add Valid Plant (TC-ADMIN-UI-PLANT-005) # src/test/resources/features/plant/PlantUI.feature:93
  ? Given I have navigated to the Application     # stepdefinitions.plant.PlantUISteps.i_have_navigated_to_the_application()
DEBUG: Attempting login at http://localhost:8080/ui/login
  ? Given I login as an "Admin" for UI            # stepdefinitions.plant.PlantUISteps.i_login_as_an_for_ui(java.lang.String)
  ? And I am on the Add Plant page                # stepdefinitions.plant.PlantUISteps.i_am_on_the_add_plant_page()
  ? When I enter valid details for the plant      # stepdefinitions.plant.PlantUISteps.i_enter_valid_details_for_the_plant()
  ? And I click the Save button                   # stepdefinitions.plant.PlantUISteps.i_click_the_save_button()
DEBUG: isPlantListDisplayed failed. Current URL: http://localhost:8080/ui/plants/add
DEBUG: Page Source: <html><head>
  <title>QA Training App | Add A Plant</title>
  <link rel="stylesheet" href="https://cdn.jsdelivr.net/npm/bootstrap-icons@1.11.3/font/bootstrap-icons.css">

  <link href="https://cdn.jsdelivr.net/npm/bootstrap@5.3.3/dist/css/bootstrap.min.css" rel="stylesheet">
  <link rel="stylesheet" href="/css/app.css">
</head>

<body>

<div>

    <div class="app-layout">

        <!-- ? SIDEBAR -->
        <div class="sidebar nav flex-column">
            <!-- Logo -->
            <div class="sidebar-logo text-center mb-4">
                <img src="/images/logo.png" alt="QA Training App Logo" width="100">
            </div>

            <a href="/ui/dashboard" class="nav-link text-white ">
                <i class="bi bi-speedometer2 me-2"></i> Dashboard
            </a>

            <a href="/ui/categories" class="nav-link text-white ">
                <i class="bi bi-tags me-2"></i> Categories
            </a>

            <a href="/ui/plants" class="nav-link text-white ">
                <i class="bi bi-flower1 me-2"></i> Plants
            </a>
            <a href="/ui/sales" class="nav-link text-white ">
                <i class="bi bi-currency-rupee me-2"></i> Sales
            </a>

            <a href="javascript:void(0);" class="nav-link text-white disabled" data-bs-toggle="tooltip" title="Inventory page coming soon">
                <i class="bi bi-box-seam me-2"></i> Inventory
            </a>




            <hr class="text-secondary">

            <a href="/ui/logout" class="nav-link text-danger">
                <i class="bi bi-box-arrow-right me-2"></i> Logout
            </a>

        </div>

        <!-- ? MAIN AREA -->
        <div class="main-content">
            <div class="header">
  <h2>? QA Training Application</h2>
</div>
            <div>

    <h3>Add Plant</h3>
    
    <form method="post" action="/ui/plants/add">

      <div class="mb-3">
        <label class="form-label">Plant Name</label>
        <input type="text" class="form-control" id="name" name="name" value="New Valid Plant 1770320818192">
        <div class="text-danger">Plant name must be between 3 and 25 characters</div>
      </div>

      <div class="mb-3">
        <label class="form-label">Category</label>
        <select class="form-select" id="categoryId" name="categoryId">
          <option value="">-- Select Sub Category --</option>
          <option value="3" selected="selected">Flower</option>
          <option value="4">Succu</option>
          <option value="5">Tree</option>
        </select>
        
      </div>

      <div class="mb-3">
        <label class="form-label">Price</label>
        <input type="number" step="0.01" class="form-control" id="price" name="price" value="20.0">
        
      </div>

      <div class="mb-3">
        <label class="form-label">Quantity</label>
        <input type="number" class="form-control" id="quantity" name="quantity" value="10">
        
      </div>

      <button class="btn btn-primary">Save</button>
      <a href="/ui/plants" class="btn btn-secondary">Cancel</a>

    </form>

  </div>
        </div>

    </div>

</div>



</body></html>
  ? Then the plant should be added successfully   # stepdefinitions.plant.PlantUISteps.the_plant_should_be_added_successfully()
        java.lang.AssertionError: expected [true] but found [false]
        	at org.testng.Assert.fail(Assert.java:111)
        	at org.testng.Assert.failNotEquals(Assert.java:1590)
        	at org.testng.Assert.assertTrue(Assert.java:57)
        	at org.testng.Assert.assertTrue(Assert.java:67)
        	at stepdefinitions.plant.PlantUISteps.the_plant_should_be_added_successfully(PlantUISteps.java:229)
        	at ?.the plant should be added successfully(file:///D:/QA%20yasith/bug_busters_Test_suites/src/test/resources/features/plant/PlantUI.feature:98)
[ERROR] Tests run: 1, Failures: 1, Errors: 0, Skipped: 0, Time elapsed: 20.05 s <<< FAILURE! -- in runners.TestRunner
[ERROR] runners.TestRunner.runScenario["Add Valid Plant (TC-ADMIN-UI-PLANT-005)", "Plant UI Management"](1) -- Time elapsed: 18.93 s <<< FAILURE!
java.lang.AssertionError: expected [true] but found [false]
	at org.testng.Assert.fail(Assert.java:111)
	at org.testng.Assert.failNotEquals(Assert.java:1590)
	at org.testng.Assert.assertTrue(Assert.java:57)
	at org.testng.Assert.assertTrue(Assert.java:67)
	at stepdefinitions.plant.PlantUISteps.the_plant_should_be_added_successfully(PlantUISteps.java:229)
	at ?.the plant should be added successfully(file:///D:/QA%20yasith/bug_busters_Test_suites/src/test/resources/features/plant/PlantUI.feature:98)

[INFO] 
[INFO] Results:
[INFO] 
[ERROR] Failures: 
[ERROR]   TestRunner.runScenario expected [true] but found [false]
[INFO] 
[ERROR] Tests run: 1, Failures: 1, Errors: 0, Skipped: 0
[INFO] 
[INFO] ------------------------------------------------------------------------
[INFO] BUILD FAILURE
[INFO] ------------------------------------------------------------------------
[INFO] Total time:  23.016 s
[INFO] Finished at: 2026-02-06T01:17:10+05:30
[INFO] ------------------------------------------------------------------------
[ERROR] Failed to execute goal org.apache.maven.plugins:maven-surefire-plugin:3.2.5:test (default-test) on project bug_busters_Test_suites_Group33: There are test failures.
[ERROR] 
[ERROR] Please refer to D:\QA yasith\bug_busters_Test_suites\target\surefire-reports for the individual test results.
[ERROR] Please refer to dump files (if any exist) [date].dump, [date]-jvmRun[N].dump and [date].dumpstream.
[ERROR] -> [Help 1]
[ERROR] 
[ERROR] To see the full stack trace of the errors, re-run Maven with the -e switch.
[ERROR] Re-run Maven using the -X switch to enable full debug logging.
[ERROR] 
[ERROR] For more information about the errors and possible solutions, please read the following articles:
[ERROR] [Help 1] http://cwiki.apache.org/confluence/display/MAVEN/MojoFailureException
